../Core/Src/b_l475e_iot01a2_bus.c:211:9:BSP_I2C2_Init	16	static
../Core/Src/b_l475e_iot01a2_bus.c:253:9:BSP_I2C2_DeInit	16	static
../Core/Src/b_l475e_iot01a2_bus.c:275:9:BSP_I2C2_IsReady	16	static
../Core/Src/b_l475e_iot01a2_bus.c:296:9:BSP_I2C2_WriteReg	40	static
../Core/Src/b_l475e_iot01a2_bus.c:317:9:BSP_I2C2_ReadReg	40	static
../Core/Src/b_l475e_iot01a2_bus.c:338:9:BSP_I2C2_WriteReg16	48	static
../Core/Src/b_l475e_iot01a2_bus.c:363:10:BSP_I2C2_ReadReg16	48	static
../Core/Src/b_l475e_iot01a2_bus.c:388:9:BSP_I2C2_Send	32	static
../Core/Src/b_l475e_iot01a2_bus.c:413:9:BSP_I2C2_Recv	32	static
../Core/Src/b_l475e_iot01a2_bus.c:488:9:BSP_GetTick	8	static
../Core/Src/b_l475e_iot01a2_bus.c:494:26:MX_I2C2_Init	24	static
../Core/Src/b_l475e_iot01a2_bus.c:526:13:I2C2_MspInit	184	static
../Core/Src/b_l475e_iot01a2_bus.c:552:13:I2C2_MspDeInit	16	static
